ARM Linker, 5.03 [Build 76] [MDK-ARM Lite]

==============================================================================

Section Cross References

    startup.o(STACK) refers (Special) to heapauxi.o(.text) for __use_two_region_memory
    startup.o(HEAP) refers (Special) to heapauxi.o(.text) for __use_two_region_memory
    startup.o(RESET) refers (Special) to heapauxi.o(.text) for __use_two_region_memory
    startup.o(RESET) refers to startup.o(STACK) for Stack_Top
    startup.o(RESET) refers to __main.o(!!!main) for __main
    startup.o(.text) refers (Special) to heapauxi.o(.text) for __use_two_region_memory
    startup.o(.text) refers to startup.o(HEAP) for Heap_Mem
    startup.o(.text) refers to startup.o(STACK) for Stack_Mem
    source_rm_4_tasks - copy.o(.text) refers to aeabi_sdiv.o(.text_udiv) for __aeabi_uidivmod
    source_rm_4_tasks - copy.o(.text) refers to fflt_noclz.o(x$fpl$ffltu) for __aeabi_ui2f
    source_rm_4_tasks - copy.o(.text) refers to fdiv.o(x$fpl$fdiv) for __aeabi_fdiv
    source_rm_4_tasks - copy.o(.text) refers to dflt_noclz.o(x$fpl$dfltu) for __aeabi_ui2d
    source_rm_4_tasks - copy.o(.text) refers to f2d.o(x$fpl$f2d) for __aeabi_f2d
    source_rm_4_tasks - copy.o(.text) refers to ceil.o(i.ceil) for ceil
    source_rm_4_tasks - copy.o(.text) refers to dmul.o(x$fpl$dmul) for __aeabi_dmul
    source_rm_4_tasks - copy.o(.text) refers to daddsub_noclz.o(x$fpl$dadd) for __aeabi_dadd
    source_rm_4_tasks - copy.o(.text) refers to d2f.o(x$fpl$d2f) for __aeabi_d2f
    source_rm_4_tasks - copy.o(.text) refers to faddsub_noclz.o(x$fpl$fadd) for __aeabi_fadd
    source_rm_4_tasks - copy.o(.text) refers to feqf.o(x$fpl$feqf) for __aeabi_cfcmpeq
    source_rm_4_tasks - copy.o(.text) refers to fleqf.o(x$fpl$fleqf) for __aeabi_cfcmple
    source_rm_4_tasks - copy.o(.text) refers to pow.o(i.pow) for pow
    source_rm_4_tasks - copy.o(.text) refers to daddsub_noclz.o(x$fpl$dsub) for __aeabi_dsub
    source_rm_4_tasks - copy.o(.text) refers to rt_memcpy_w.o(.text) for __aeabi_memcpy4
    source_rm_4_tasks - copy.o(.text) refers to source_rm_4_tasks - copy.o(.data) for Task
    aeabi_sdiv.o(.text_udiv) refers to aeabi_sdiv.o(.text) for __arm_div2
    aeabi_sdiv_div0.o(.text_udiv) refers to aeabi_sdiv_div0.o(.text) for __arm_div2
    __main.o(!!!main) refers to rtentry.o(.ARM.Collect$$rtentry$$00000000) for __rt_entry
    d2f.o(x$fpl$d2f) refers (Special) to usenofp.o(x$fpl$usenofp) for __I$use$fp
    d2f.o(x$fpl$d2f) refers to fretinf.o(x$fpl$fretinf) for __fpl_fretinf
    d2f.o(x$fpl$d2f) refers to dnaninf.o(x$fpl$dnaninf) for __fpl_dnaninf
    daddsub_noclz.o(x$fpl$dadd) refers (Special) to usenofp.o(x$fpl$usenofp) for __I$use$fp
    daddsub_noclz.o(x$fpl$dadd) refers to daddsub_noclz.o(x$fpl$dsub) for _dsub1
    daddsub_noclz.o(x$fpl$dadd) refers to dretinf.o(x$fpl$dretinf) for __fpl_dretinf
    daddsub_noclz.o(x$fpl$dadd) refers to dnaninf.o(x$fpl$dnaninf) for __fpl_dnaninf
    daddsub_noclz.o(x$fpl$drsb) refers (Special) to usenofp.o(x$fpl$usenofp) for __I$use$fp
    daddsub_noclz.o(x$fpl$drsb) refers to daddsub_noclz.o(x$fpl$dadd) for _dadd1
    daddsub_noclz.o(x$fpl$drsb) refers to daddsub_noclz.o(x$fpl$dsub) for _dsub1
    daddsub_noclz.o(x$fpl$dsub) refers (Special) to usenofp.o(x$fpl$usenofp) for __I$use$fp
    daddsub_noclz.o(x$fpl$dsub) refers to daddsub_noclz.o(x$fpl$dadd) for _dadd1
    daddsub_noclz.o(x$fpl$dsub) refers to dnaninf.o(x$fpl$dnaninf) for __fpl_dnaninf
    dflt_noclz.o(x$fpl$dfltu) refers (Special) to usenofp.o(x$fpl$usenofp) for __I$use$fp
    dflt_noclz.o(x$fpl$dfltu) refers to dflt_noclz.o(x$fpl$dflt) for __dflt_normalise
    dflt_noclz.o(x$fpl$dflt) refers (Special) to usenofp.o(x$fpl$usenofp) for __I$use$fp
    dmul.o(x$fpl$dmul) refers (Special) to usenofp.o(x$fpl$usenofp) for __I$use$fp
    dmul.o(x$fpl$dmul) refers to dretinf.o(x$fpl$dretinf) for __fpl_dretinf
    dmul.o(x$fpl$dmul) refers to dnaninf.o(x$fpl$dnaninf) for __fpl_dnaninf
    f2d.o(x$fpl$f2d) refers (Special) to usenofp.o(x$fpl$usenofp) for __I$use$fp
    f2d.o(x$fpl$f2d) refers to fnaninf.o(x$fpl$fnaninf) for __fpl_fnaninf
    f2d.o(x$fpl$f2d) refers to dretinf.o(x$fpl$dretinf) for __fpl_dretinf
    faddsub_noclz.o(x$fpl$fadd) refers (Special) to usenofp.o(x$fpl$usenofp) for __I$use$fp
    faddsub_noclz.o(x$fpl$fadd) refers to faddsub_noclz.o(x$fpl$fsub) for _fsub1
    faddsub_noclz.o(x$fpl$fadd) refers to fretinf.o(x$fpl$fretinf) for __fpl_fretinf
    faddsub_noclz.o(x$fpl$fadd) refers to fnaninf.o(x$fpl$fnaninf) for __fpl_fnaninf
    faddsub_noclz.o(x$fpl$frsb) refers (Special) to usenofp.o(x$fpl$usenofp) for __I$use$fp
    faddsub_noclz.o(x$fpl$frsb) refers to faddsub_noclz.o(x$fpl$fadd) for _fadd1
    faddsub_noclz.o(x$fpl$frsb) refers to faddsub_noclz.o(x$fpl$fsub) for _fsub1
    faddsub_noclz.o(x$fpl$fsub) refers (Special) to usenofp.o(x$fpl$usenofp) for __I$use$fp
    faddsub_noclz.o(x$fpl$fsub) refers to faddsub_noclz.o(x$fpl$fadd) for _fadd1
    faddsub_noclz.o(x$fpl$fsub) refers to fnaninf.o(x$fpl$fnaninf) for __fpl_fnaninf
    fdiv.o(x$fpl$frdiv) refers (Special) to usenofp.o(x$fpl$usenofp) for __I$use$fp
    fdiv.o(x$fpl$frdiv) refers to fdiv.o(x$fpl$fdiv) for _fdiv1
    fdiv.o(x$fpl$fdiv) refers (Special) to usenofp.o(x$fpl$usenofp) for __I$use$fp
    fdiv.o(x$fpl$fdiv) refers to fretinf.o(x$fpl$fretinf) for __fpl_fretinf
    fdiv.o(x$fpl$fdiv) refers to fnaninf.o(x$fpl$fnaninf) for __fpl_fnaninf
    feqf.o(x$fpl$feqf) refers (Special) to usenofp.o(x$fpl$usenofp) for __I$use$fp
    feqf.o(x$fpl$feqf) refers to fnaninf.o(x$fpl$fnaninf) for __fpl_fnaninf
    feqf.o(x$fpl$feqf) refers to fcmpi.o(x$fpl$fcmpinf) for __fpl_fcmp_Inf
    fflt_noclz.o(x$fpl$ffltu) refers (Special) to usenofp.o(x$fpl$usenofp) for __I$use$fp
    fflt_noclz.o(x$fpl$ffltu) refers to fflt_noclz.o(x$fpl$fflt) for __fflt_normalise
    fflt_noclz.o(x$fpl$fflt) refers (Special) to usenofp.o(x$fpl$usenofp) for __I$use$fp
    fleqf.o(x$fpl$fleqf) refers (Special) to usenofp.o(x$fpl$usenofp) for __I$use$fp
    fleqf.o(x$fpl$fleqf) refers to fnaninf.o(x$fpl$fnaninf) for __fpl_fnaninf
    fleqf.o(x$fpl$fleqf) refers to fcmpi.o(x$fpl$fcmpinf) for __fpl_fcmp_Inf
    ceil.o(i.__softfp_ceil) refers (Special) to usenofp.o(x$fpl$usenofp) for __I$use$fp
    ceil.o(i.__softfp_ceil) refers to ceil.o(i.ceil) for ceil
    ceil.o(i.ceil) refers (Special) to usenofp.o(x$fpl$usenofp) for __I$use$fp
    ceil.o(i.ceil) refers to daddsub_noclz.o(x$fpl$dadd) for __aeabi_dadd
    ceil.o(i.ceil) refers to drleqf.o(x$fpl$drleqf) for __aeabi_cdrcmple
    ceil.o(i.ceil) refers to daddsub_noclz.o(x$fpl$drsb) for __aeabi_drsub
    pow.o(i.__softfp_pow) refers (Special) to usenofp.o(x$fpl$usenofp) for __I$use$fp
    pow.o(i.__softfp_pow) refers to pow.o(i.pow) for pow
    pow.o(i.pow) refers (Special) to usenofp.o(x$fpl$usenofp) for __I$use$fp
    pow.o(i.pow) refers to daddsub_noclz.o(x$fpl$dadd) for __aeabi_dadd
    pow.o(i.pow) refers to _rserrno.o(.text) for __set_errno
    pow.o(i.pow) refers to ddiv.o(x$fpl$ddiv) for __aeabi_ddiv
    pow.o(i.pow) refers to sqrt.o(i.sqrt) for sqrt
    pow.o(i.pow) refers to dmul.o(x$fpl$dmul) for __aeabi_dmul
    pow.o(i.pow) refers to scalbn.o(x$fpl$scalbn) for __ARM_scalbn
    pow.o(i.pow) refers to dunder.o(i.__mathlib_dbl_underflow) for __mathlib_dbl_underflow
    pow.o(i.pow) refers to daddsub_noclz.o(x$fpl$dsub) for __aeabi_dsub
    pow.o(i.pow) refers to daddsub_noclz.o(x$fpl$drsb) for __aeabi_drsub
    pow.o(i.pow) refers to poly.o(i.__kernel_poly) for __kernel_poly
    pow.o(i.pow) refers to dflt_noclz.o(x$fpl$dflt) for __aeabi_i2d
    pow.o(i.pow) refers to drleqf.o(x$fpl$drleqf) for __aeabi_cdrcmple
    pow.o(i.pow) refers to fpclassify.o(i.__ARM_fpclassify) for __ARM_fpclassify
    pow.o(i.pow) refers to qnan.o(.constdata) for __mathlib_zero
    pow.o(i.pow) refers to pow.o(.constdata) for .constdata
    pow.o(.constdata) refers (Special) to usenofp.o(x$fpl$usenofp) for __I$use$fp
    pow_x.o(i.____softfp_pow$lsc) refers (Special) to usenofp.o(x$fpl$usenofp) for __I$use$fp
    pow_x.o(i.____softfp_pow$lsc) refers to pow_x.o(i.__pow$lsc) for __pow$lsc
    pow_x.o(i.__pow$lsc) refers (Special) to usenofp.o(x$fpl$usenofp) for __I$use$fp
    pow_x.o(i.__pow$lsc) refers to daddsub_noclz.o(x$fpl$dadd) for __aeabi_dadd
    pow_x.o(i.__pow$lsc) refers to _rserrno.o(.text) for __set_errno
    pow_x.o(i.__pow$lsc) refers to ddiv.o(x$fpl$ddiv) for __aeabi_ddiv
    pow_x.o(i.__pow$lsc) refers to sqrt.o(i.sqrt) for sqrt
    pow_x.o(i.__pow$lsc) refers to dmul.o(x$fpl$dmul) for __aeabi_dmul
    pow_x.o(i.__pow$lsc) refers to dflt_noclz.o(x$fpl$dflt) for __aeabi_i2d
    pow_x.o(i.__pow$lsc) refers to daddsub_noclz.o(x$fpl$dsub) for __aeabi_dsub
    pow_x.o(i.__pow$lsc) refers to scalbn.o(x$fpl$scalbn) for __ARM_scalbn
    pow_x.o(i.__pow$lsc) refers to daddsub_noclz.o(x$fpl$drsb) for __aeabi_drsub
    pow_x.o(i.__pow$lsc) refers to poly.o(i.__kernel_poly) for __kernel_poly
    pow_x.o(i.__pow$lsc) refers to drleqf.o(x$fpl$drleqf) for __aeabi_cdrcmple
    pow_x.o(i.__pow$lsc) refers to qnan.o(.constdata) for __mathlib_zero
    pow_x.o(i.__pow$lsc) refers to pow_x.o(.constdata) for .constdata
    pow_x.o(.constdata) refers (Special) to usenofp.o(x$fpl$usenofp) for __I$use$fp
    rtentry.o(.ARM.Collect$$rtentry$$00000000) refers (Special) to rtentry2.o(.ARM.Collect$$rtentry$$0000000A) for __rt_entry_li
    rtentry.o(.ARM.Collect$$rtentry$$00000000) refers (Special) to rtentry2.o(.ARM.Collect$$rtentry$$0000000D) for __rt_entry_main
    rtentry.o(.ARM.Collect$$rtentry$$00000000) refers (Special) to rtentry2.o(.ARM.Collect$$rtentry$$0000000C) for __rt_entry_postli_1
    rtentry.o(.ARM.Collect$$rtentry$$00000000) refers (Special) to rtentry2.o(.ARM.Collect$$rtentry$$00000009) for __rt_entry_postsh_1
    rtentry.o(.ARM.Collect$$rtentry$$00000000) refers (Special) to rtentry2.o(.ARM.Collect$$rtentry$$00000002) for __rt_entry_presh_1
    rtentry.o(.ARM.Collect$$rtentry$$00000000) refers (Special) to rtentry4.o(.ARM.Collect$$rtentry$$00000004) for __rt_entry_sh
    aeabi_idiv0_sigfpe.o(.text) refers to rt_div0.o(.text) for __rt_div0
    _rserrno.o(.text) refers to rt_errno_addr_intlibspace.o(.text) for __aeabi_errno_addr
    ddiv.o(x$fpl$drdiv) refers (Special) to usenofp.o(x$fpl$usenofp) for __I$use$fp
    ddiv.o(x$fpl$drdiv) refers to ddiv.o(x$fpl$ddiv) for ddiv_entry
    ddiv.o(x$fpl$ddiv) refers (Special) to usenofp.o(x$fpl$usenofp) for __I$use$fp
    ddiv.o(x$fpl$ddiv) refers to dretinf.o(x$fpl$dretinf) for __fpl_dretinf
    ddiv.o(x$fpl$ddiv) refers to dnaninf.o(x$fpl$dnaninf) for __fpl_dnaninf
    dnaninf.o(x$fpl$dnaninf) refers (Special) to usenofp.o(x$fpl$usenofp) for __I$use$fp
    dretinf.o(x$fpl$dretinf) refers (Special) to usenofp.o(x$fpl$usenofp) for __I$use$fp
    drleqf.o(x$fpl$drleqf) refers (Special) to usenofp.o(x$fpl$usenofp) for __I$use$fp
    drleqf.o(x$fpl$drleqf) refers to dleqf.o(x$fpl$dleqf) for __fpl_dcmple_InfNaN
    fcmpi.o(x$fpl$fcmpinf) refers (Special) to usenofp.o(x$fpl$usenofp) for __I$use$fp
    fnaninf.o(x$fpl$fnaninf) refers (Special) to usenofp.o(x$fpl$usenofp) for __I$use$fp
    fretinf.o(x$fpl$fretinf) refers (Special) to usenofp.o(x$fpl$usenofp) for __I$use$fp
    scalbn.o(x$fpl$scalbn) refers (Special) to usenofp.o(x$fpl$usenofp) for __I$use$fp
    scalbn.o(x$fpl$scalbn) refers to dcheck1.o(x$fpl$dcheck1) for __fpl_dcheck_NaN1
    dunder.o(i.__mathlib_dbl_underflow) refers to scalbn.o(x$fpl$scalbn) for __ARM_scalbn
    fpclassify.o(i.__ARM_fpclassify) refers (Special) to usenofp.o(x$fpl$usenofp) for __I$use$fp
    poly.o(i.__kernel_poly) refers (Special) to usenofp.o(x$fpl$usenofp) for __I$use$fp
    poly.o(i.__kernel_poly) refers to dmul.o(x$fpl$dmul) for __aeabi_dmul
    poly.o(i.__kernel_poly) refers to daddsub_noclz.o(x$fpl$dadd) for __aeabi_dadd
    qnan.o(.constdata) refers (Special) to usenofp.o(x$fpl$usenofp) for __I$use$fp
    sqrt.o(i.__softfp_sqrt) refers (Special) to usenofp.o(x$fpl$usenofp) for __I$use$fp
    sqrt.o(i.__softfp_sqrt) refers to dsqrt_noumaal.o(x$fpl$dsqrt) for _dsqrt
    sqrt.o(i.__softfp_sqrt) refers to _rserrno.o(.text) for __set_errno
    sqrt.o(i.sqrt) refers (Special) to usenofp.o(x$fpl$usenofp) for __I$use$fp
    sqrt.o(i.sqrt) refers to dsqrt_noumaal.o(x$fpl$dsqrt) for _dsqrt
    sqrt.o(i.sqrt) refers to _rserrno.o(.text) for __set_errno
    sqrt_x.o(i.____softfp_sqrt$lsc) refers (Special) to usenofp.o(x$fpl$usenofp) for __I$use$fp
    sqrt_x.o(i.____softfp_sqrt$lsc) refers to dleqf.o(x$fpl$dleqf) for __aeabi_cdcmple
    sqrt_x.o(i.____softfp_sqrt$lsc) refers to _rserrno.o(.text) for __set_errno
    sqrt_x.o(i.____softfp_sqrt$lsc) refers to dsqrt_noumaal.o(x$fpl$dsqrt) for _dsqrt
    sqrt_x.o(i.__sqrt$lsc) refers (Special) to usenofp.o(x$fpl$usenofp) for __I$use$fp
    sqrt_x.o(i.__sqrt$lsc) refers to dleqf.o(x$fpl$dleqf) for __aeabi_cdcmple
    sqrt_x.o(i.__sqrt$lsc) refers to _rserrno.o(.text) for __set_errno
    sqrt_x.o(i.__sqrt$lsc) refers to dsqrt_noumaal.o(x$fpl$dsqrt) for _dsqrt
    rtentry2.o(.ARM.Collect$$rtentry$$00000008) refers to boardinit2.o(.text) for _platform_post_stackheap_init
    rtentry2.o(.ARM.Collect$$rtentry$$0000000A) refers to libinit.o(.ARM.Collect$$libinit$$00000000) for __rt_lib_init
    rtentry2.o(.ARM.Collect$$rtentry$$0000000B) refers to boardinit3.o(.text) for _platform_post_lib_init
    rtentry2.o(.ARM.Collect$$rtentry$$0000000D) refers to exit.o(.text) for exit
    rtentry2.o(.ARM.Collect$$rtentry$$0000000D) refers to source_rm_4_tasks - copy.o(.text) for main
    rtentry2.o(.ARM.exidx) refers to rtentry2.o(.ARM.Collect$$rtentry$$00000001) for .ARM.Collect$$rtentry$$00000001
    rtentry2.o(.ARM.exidx) refers to rtentry2.o(.ARM.Collect$$rtentry$$00000008) for .ARM.Collect$$rtentry$$00000008
    rtentry2.o(.ARM.exidx) refers to rtentry2.o(.ARM.Collect$$rtentry$$0000000A) for .ARM.Collect$$rtentry$$0000000A
    rtentry2.o(.ARM.exidx) refers to rtentry2.o(.ARM.Collect$$rtentry$$0000000B) for .ARM.Collect$$rtentry$$0000000B
    rtentry2.o(.ARM.exidx) refers to rtentry2.o(.ARM.Collect$$rtentry$$0000000D) for .ARM.Collect$$rtentry$$0000000D
    rtentry4.o(.ARM.Collect$$rtentry$$00000004) refers to sys_stackheap_outer.o(.text) for __user_setup_stackheap
    rtentry4.o(.ARM.exidx) refers to rtentry4.o(.ARM.Collect$$rtentry$$00000004) for .ARM.Collect$$rtentry$$00000004
    rt_div0.o(.text) refers to defsig_fpe_outer.o(.text) for __rt_SIGFPE
    rt_errno_addr.o(.text) refers to rt_errno_addr.o(.bss) for __aeabi_errno_addr_data
    rt_errno_addr_intlibspace.o(.text) refers to libspace.o(.bss) for __libspace_start
    dcheck1.o(x$fpl$dcheck1) refers (Special) to usenofp.o(x$fpl$usenofp) for __I$use$fp
    dcheck1.o(x$fpl$dcheck1) refers to retnan.o(x$fpl$retnan) for __fpl_return_NaN
    dleqf.o(x$fpl$dleqf) refers (Special) to usenofp.o(x$fpl$usenofp) for __I$use$fp
    dleqf.o(x$fpl$dleqf) refers to dnaninf.o(x$fpl$dnaninf) for __fpl_dnaninf
    dleqf.o(x$fpl$dleqf) refers to dcmpi.o(x$fpl$dcmpinf) for __fpl_dcmp_Inf
    dsqrt_noumaal.o(x$fpl$dsqrt) refers (Special) to usenofp.o(x$fpl$usenofp) for __I$use$fp
    dsqrt_noumaal.o(x$fpl$dsqrt) refers to dnaninf.o(x$fpl$dnaninf) for __fpl_dnaninf
    libspace.o(.text) refers to libspace.o(.bss) for __libspace_start
    sys_stackheap_outer.o(.text) refers to libspace.o(.text) for __user_perproc_libspace
    sys_stackheap_outer.o(.text) refers to startup.o(.text) for __user_initial_stackheap
    exit.o(.text) refers to rtexit.o(.ARM.Collect$$rtexit$$00000000) for __rt_exit
    defsig_fpe_outer.o(.text) refers to defsig_fpe_inner.o(.text) for __rt_SIGFPE_inner
    defsig_fpe_outer.o(.text) refers to defsig_exit.o(.text) for __sig_exit
    defsig_fpe_formal.o(.text) refers to rt_raise.o(.text) for __rt_raise
    libinit.o(.ARM.Collect$$libinit$$00000000) refers (Special) to libinit2.o(.ARM.Collect$$libinit$$0000002C) for __rt_lib_init_alloca_1
    libinit.o(.ARM.Collect$$libinit$$00000000) refers (Special) to libinit2.o(.ARM.Collect$$libinit$$0000002A) for __rt_lib_init_argv_1
    libinit.o(.ARM.Collect$$libinit$$00000000) refers (Special) to libinit2.o(.ARM.Collect$$libinit$$00000019) for __rt_lib_init_atexit_1
    libinit.o(.ARM.Collect$$libinit$$00000000) refers (Special) to libinit2.o(.ARM.Collect$$libinit$$0000001F) for __rt_lib_init_clock_1
    libinit.o(.ARM.Collect$$libinit$$00000000) refers (Special) to libinit2.o(.ARM.Collect$$libinit$$00000030) for __rt_lib_init_cpp_1
    libinit.o(.ARM.Collect$$libinit$$00000000) refers (Special) to libinit2.o(.ARM.Collect$$libinit$$0000002E) for __rt_lib_init_exceptions_1
    libinit.o(.ARM.Collect$$libinit$$00000000) refers (Special) to libinit2.o(.ARM.Collect$$libinit$$00000002) for __rt_lib_init_fp_1
    libinit.o(.ARM.Collect$$libinit$$00000000) refers (Special) to libinit2.o(.ARM.Collect$$libinit$$0000001D) for __rt_lib_init_fp_trap_1
    libinit.o(.ARM.Collect$$libinit$$00000000) refers (Special) to libinit2.o(.ARM.Collect$$libinit$$00000021) for __rt_lib_init_getenv_1
    libinit.o(.ARM.Collect$$libinit$$00000000) refers (Special) to libinit2.o(.ARM.Collect$$libinit$$00000008) for __rt_lib_init_heap_1
    libinit.o(.ARM.Collect$$libinit$$00000000) refers (Special) to libinit2.o(.ARM.Collect$$libinit$$0000000F) for __rt_lib_init_lc_collate_1
    libinit.o(.ARM.Collect$$libinit$$00000000) refers (Special) to libinit2.o(.ARM.Collect$$libinit$$00000011) for __rt_lib_init_lc_ctype_1
    libinit.o(.ARM.Collect$$libinit$$00000000) refers (Special) to libinit2.o(.ARM.Collect$$libinit$$00000013) for __rt_lib_init_lc_monetary_1
    libinit.o(.ARM.Collect$$libinit$$00000000) refers (Special) to libinit2.o(.ARM.Collect$$libinit$$00000015) for __rt_lib_init_lc_numeric_1
    libinit.o(.ARM.Collect$$libinit$$00000000) refers (Special) to libinit2.o(.ARM.Collect$$libinit$$00000017) for __rt_lib_init_lc_time_1
    libinit.o(.ARM.Collect$$libinit$$00000000) refers (Special) to libinit2.o(.ARM.Collect$$libinit$$0000000C) for __rt_lib_init_rand_1
    libinit.o(.ARM.Collect$$libinit$$00000000) refers (Special) to libinit2.o(.ARM.Collect$$libinit$$00000031) for __rt_lib_init_return
    libinit.o(.ARM.Collect$$libinit$$00000000) refers (Special) to libinit2.o(.ARM.Collect$$libinit$$0000001B) for __rt_lib_init_signal_1
    libinit.o(.ARM.Collect$$libinit$$00000000) refers (Special) to libinit2.o(.ARM.Collect$$libinit$$00000023) for __rt_lib_init_stdio_1
    libinit.o(.ARM.Collect$$libinit$$00000000) refers (Special) to libinit2.o(.ARM.Collect$$libinit$$0000000A) for __rt_lib_init_user_alloc_1
    dcmpi.o(x$fpl$dcmpinf) refers (Special) to usenofp.o(x$fpl$usenofp) for __I$use$fp
    retnan.o(x$fpl$retnan) refers (Special) to usenofp.o(x$fpl$usenofp) for __I$use$fp
    retnan.o(x$fpl$retnan) refers to trapv.o(x$fpl$trapveneer) for __fpl_cmpreturn
    rtexit.o(.ARM.Collect$$rtexit$$00000000) refers (Special) to rtexit2.o(.ARM.Collect$$rtexit$$00000004) for __rt_exit_exit
    rtexit.o(.ARM.Collect$$rtexit$$00000000) refers (Special) to rtexit2.o(.ARM.Collect$$rtexit$$00000003) for __rt_exit_ls
    rtexit.o(.ARM.Collect$$rtexit$$00000000) refers (Special) to rtexit2.o(.ARM.Collect$$rtexit$$00000002) for __rt_exit_prels_1
    rtexit.o(.ARM.exidx) refers (Special) to rtexit2.o(.ARM.Collect$$rtexit$$00000004) for __rt_exit_exit
    rtexit.o(.ARM.exidx) refers (Special) to rtexit2.o(.ARM.Collect$$rtexit$$00000003) for __rt_exit_ls
    rtexit.o(.ARM.exidx) refers (Special) to rtexit2.o(.ARM.Collect$$rtexit$$00000002) for __rt_exit_prels_1
    rtexit.o(.ARM.exidx) refers to rtexit.o(.ARM.Collect$$rtexit$$00000000) for .ARM.Collect$$rtexit$$00000000
    rt_raise.o(.text) refers to __raise.o(.text) for __raise
    rt_raise.o(.text) refers to sys_exit.o(.text) for _sys_exit
    defsig_exit.o(.text) refers to sys_exit.o(.text) for _sys_exit
    defsig_fpe_inner.o(.text) refers to defsig_general.o(.text) for __default_signal_display
    libinit2.o(.ARM.Collect$$libinit$$00000001) refers to fpinit.o(x$fpl$fpinit) for _fp_init
    libinit2.o(.ARM.Collect$$libinit$$0000000E) refers to libinit2.o(.ARM.Collect$$libinit$$0000000D) for .ARM.Collect$$libinit$$0000000D
    libinit2.o(.ARM.Collect$$libinit$$00000010) refers to libinit2.o(.ARM.Collect$$libinit$$0000000D) for .ARM.Collect$$libinit$$0000000D
    libinit2.o(.ARM.Collect$$libinit$$00000012) refers to libinit2.o(.ARM.Collect$$libinit$$0000000D) for .ARM.Collect$$libinit$$0000000D
    libinit2.o(.ARM.Collect$$libinit$$00000014) refers to libinit2.o(.ARM.Collect$$libinit$$0000000D) for .ARM.Collect$$libinit$$0000000D
    libinit2.o(.ARM.Collect$$libinit$$00000016) refers to libinit2.o(.ARM.Collect$$libinit$$0000000D) for .ARM.Collect$$libinit$$0000000D
    libinit2.o(.ARM.Collect$$libinit$$00000024) refers to argv_veneer.o(.emb_text) for __ARM_argv_veneer
    libinit2.o(.ARM.Collect$$libinit$$00000025) refers to argv_veneer.o(.emb_text) for __ARM_argv_veneer
    trapv.o(x$fpl$trapveneer) refers (Special) to usenofp.o(x$fpl$usenofp) for __I$use$fp
    sys_exit.o(.text) refers (Special) to use_no_semi.o(.text) for __I$use$semihosting
    sys_exit.o(.text) refers (Special) to indicate_semi.o(.text) for __semihosting_library_function
    rtexit2.o(.ARM.Collect$$rtexit$$00000003) refers to libshutdown.o(.ARM.Collect$$libshutdown$$00000000) for __rt_lib_shutdown
    rtexit2.o(.ARM.Collect$$rtexit$$00000004) refers to sys_exit.o(.text) for _sys_exit
    rtexit2.o(.ARM.exidx) refers to rtexit2.o(.ARM.Collect$$rtexit$$00000001) for .ARM.Collect$$rtexit$$00000001
    rtexit2.o(.ARM.exidx) refers to rtexit2.o(.ARM.Collect$$rtexit$$00000003) for .ARM.Collect$$rtexit$$00000003
    rtexit2.o(.ARM.exidx) refers to rtexit2.o(.ARM.Collect$$rtexit$$00000004) for .ARM.Collect$$rtexit$$00000004
    __raise.o(.text) refers to __raise.o(i.__ARM_common_call_via_r2) for __ARM_common_call_via_r2
    __raise.o(.text) refers to defsig.o(CL$$defsig) for __default_signal_handler
    defsig_general.o(.text) refers to sys_wrch.o(.text) for _ttywrch
    argv_veneer.o(.emb_text) refers to no_argv.o(.text) for __ARM_get_argv
    sys_wrch.o(.text) refers (Special) to use_no_semi.o(.text) for __I$use$semihosting
    sys_wrch.o(.text) refers (Special) to indicate_semi.o(.text) for __semihosting_library_function
    defsig.o(CL$$defsig) refers to defsig_fpe_inner.o(.text) for __rt_SIGFPE_inner
    defsig.o(CL$$defsig) refers to defsig_rtmem_inner.o(.text) for __rt_SIGRTMEM_inner
    _get_argv_nomalloc.o(.text) refers (Special) to hrguard.o(.text) for __heap_region$guard
    _get_argv_nomalloc.o(.text) refers to defsig_rtmem_outer.o(.text) for __rt_SIGRTMEM
    _get_argv_nomalloc.o(.text) refers to sys_command.o(.text) for _sys_command_string
    libshutdown.o(.ARM.Collect$$libshutdown$$00000000) refers (Special) to libshutdown2.o(.ARM.Collect$$libshutdown$$00000006) for __rt_lib_shutdown_fp_trap_1
    libshutdown.o(.ARM.Collect$$libshutdown$$00000000) refers (Special) to libshutdown2.o(.ARM.Collect$$libshutdown$$0000000E) for __rt_lib_shutdown_heap_1
    libshutdown.o(.ARM.Collect$$libshutdown$$00000000) refers (Special) to libshutdown2.o(.ARM.Collect$$libshutdown$$0000000F) for __rt_lib_shutdown_return
    libshutdown.o(.ARM.Collect$$libshutdown$$00000000) refers (Special) to libshutdown2.o(.ARM.Collect$$libshutdown$$00000009) for __rt_lib_shutdown_signal_1
    libshutdown.o(.ARM.Collect$$libshutdown$$00000000) refers (Special) to libshutdown2.o(.ARM.Collect$$libshutdown$$00000003) for __rt_lib_shutdown_stdio_1
    libshutdown.o(.ARM.Collect$$libshutdown$$00000000) refers (Special) to libshutdown2.o(.ARM.Collect$$libshutdown$$0000000B) for __rt_lib_shutdown_user_alloc_1
    sys_command.o(.text) refers (Special) to use_no_semi.o(.text) for __I$use$semihosting
    sys_command.o(.text) refers (Special) to indicate_semi.o(.text) for __semihosting_library_function
    defsig_abrt_inner.o(.text) refers to defsig_general.o(.text) for __default_signal_display
    defsig_rtred_inner.o(.text) refers to defsig_general.o(.text) for __default_signal_display
    defsig_rtmem_inner.o(.text) refers to defsig_general.o(.text) for __default_signal_display
    defsig_rtmem_outer.o(.text) refers to defsig_rtmem_inner.o(.text) for __rt_SIGRTMEM_inner
    defsig_rtmem_outer.o(.text) refers to defsig_exit.o(.text) for __sig_exit
    defsig_rtmem_formal.o(.text) refers to rt_raise.o(.text) for __rt_raise
    defsig_stak_inner.o(.text) refers to defsig_general.o(.text) for __default_signal_display
    defsig_pvfn_inner.o(.text) refers to defsig_general.o(.text) for __default_signal_display
    defsig_cppl_inner.o(.text) refers to defsig_general.o(.text) for __default_signal_display
    defsig_segv_inner.o(.text) refers to defsig_general.o(.text) for __default_signal_display
    defsig_other.o(.text) refers to defsig_general.o(.text) for __default_signal_display


==============================================================================

Adding Veneers to the image

    Adding AT veneer (8 bytes, Inline) for call to '__rt_lib_init' from rtentry2.o(.ARM.Collect$$rtentry$$0000000A).
    Adding AT veneer (8 bytes, Inline) for call to '__rt_lib_shutdown' from rtexit2.o(.ARM.Collect$$rtexit$$00000003).
    Adding TA veneer (4 bytes, Inline) for call to '__rt_exit' from exit.o(.text).
    Adding AT veneer (8 bytes, Inline) for call to '__set_errno' from pow.o(i.pow).
    Adding TA veneer (4 bytes, Inline) for call to '__aeabi_errno_addr' from _rserrno.o(.text).
    Adding AT veneer (8 bytes, Inline) for call to '_sys_exit' from rtexit2.o(.ARM.Collect$$rtexit$$00000004).

6 Veneer(s) (total 40 bytes) added to the image.

==============================================================================

Image Symbol Table

    Local Symbols

    Symbol Name                              Value     Ov Type        Size  Object(Section)

    RESET                                    0x00000000   Section      272  startup.o(RESET)
    ../clib/angel/boardlib.s                 0x00000000   Number         0  boardinit3.o ABSOLUTE
    ../clib/angel/boardlib.s                 0x00000000   Number         0  boardinit1.o ABSOLUTE
    ../clib/angel/boardlib.s                 0x00000000   Number         0  boardshut.o ABSOLUTE
    ../clib/angel/boardlib.s                 0x00000000   Number         0  boardinit2.o ABSOLUTE
    ../clib/angel/handlers.s                 0x00000000   Number         0  __scatter_copy.o ABSOLUTE
    ../clib/angel/handlers.s                 0x00000000   Number         0  __scatter_zi.o ABSOLUTE
    ../clib/angel/kernel.s                   0x00000000   Number         0  rtentry4.o ABSOLUTE
    ../clib/angel/kernel.s                   0x00000000   Number         0  rtexit2.o ABSOLUTE
    ../clib/angel/kernel.s                   0x00000000   Number         0  rtentry.o ABSOLUTE
    ../clib/angel/kernel.s                   0x00000000   Number         0  rtexit.o ABSOLUTE
    ../clib/angel/kernel.s                   0x00000000   Number         0  rtentry2.o ABSOLUTE
    ../clib/angel/rt.s                       0x00000000   Number         0  aeabi_idiv0.o ABSOLUTE
    ../clib/angel/rt.s                       0x00000000   Number         0  aeabi_idiv0_sigfpe.o ABSOLUTE
    ../clib/angel/rt.s                       0x00000000   Number         0  rt_div0.o ABSOLUTE
    ../clib/angel/rt.s                       0x00000000   Number         0  rt_errno_addr.o ABSOLUTE
    ../clib/angel/rt.s                       0x00000000   Number         0  rt_errno_addr_intlibspace.o ABSOLUTE
    ../clib/angel/rt.s                       0x00000000   Number         0  rt_raise.o ABSOLUTE
    ../clib/angel/scatter.s                  0x00000000   Number         0  __scatter.o ABSOLUTE
    ../clib/angel/startup.s                  0x00000000   Number         0  __main.o ABSOLUTE
    ../clib/angel/sys.s                      0x00000000   Number         0  sys_stackheap_outer.o ABSOLUTE
    ../clib/angel/sys.s                      0x00000000   Number         0  libspace.o ABSOLUTE
    ../clib/angel/sys.s                      0x00000000   Number         0  indicate_semi.o ABSOLUTE
    ../clib/angel/sys.s                      0x00000000   Number         0  use_no_semi.o ABSOLUTE
    ../clib/angel/sysapp.c                   0x00000000   Number         0  sys_wrch.o ABSOLUTE
    ../clib/angel/sysapp.c                   0x00000000   Number         0  sys_command.o ABSOLUTE
    ../clib/angel/sysapp.c                   0x00000000   Number         0  sys_exit.o ABSOLUTE
    ../clib/armsys.c                         0x00000000   Number         0  _get_argv_nomalloc.o ABSOLUTE
    ../clib/armsys.c                         0x00000000   Number         0  argv_veneer.o ABSOLUTE
    ../clib/armsys.c                         0x00000000   Number         0  argv_veneer.o ABSOLUTE
    ../clib/armsys.c                         0x00000000   Number         0  no_argv.o ABSOLUTE
    ../clib/division.s                       0x00000000   Number         0  aeabi_sdiv_div0.o ABSOLUTE
    ../clib/division.s                       0x00000000   Number         0  aeabi_sdiv.o ABSOLUTE
    ../clib/divrt.s                          0x00000000   Number         0  divrt_7tdmi.o ABSOLUTE
    ../clib/divrt.s                          0x00000000   Number         0  divrt_7tdmi_div0.o ABSOLUTE
    ../clib/fenv.c                           0x00000000   Number         0  _rserrno.o ABSOLUTE
    ../clib/heapalloc.c                      0x00000000   Number         0  hrguard.o ABSOLUTE
    ../clib/heapaux.c                        0x00000000   Number         0  heapauxi.o ABSOLUTE
    ../clib/libinit.s                        0x00000000   Number         0  libshutdown2.o ABSOLUTE
    ../clib/libinit.s                        0x00000000   Number         0  libinit2.o ABSOLUTE
    ../clib/libinit.s                        0x00000000   Number         0  libshutdown.o ABSOLUTE
    ../clib/libinit.s                        0x00000000   Number         0  libinit.o ABSOLUTE
    ../clib/memcpset.s                       0x00000000   Number         0  rt_memcpy_w.o ABSOLUTE
    ../clib/signal.c                         0x00000000   Number         0  defsig_general.o ABSOLUTE
    ../clib/signal.c                         0x00000000   Number         0  __raise.o ABSOLUTE
    ../clib/signal.c                         0x00000000   Number         0  defsig_rtmem_outer.o ABSOLUTE
    ../clib/signal.c                         0x00000000   Number         0  defsig_rtmem_inner.o ABSOLUTE
    ../clib/signal.c                         0x00000000   Number         0  defsig_rtred_inner.o ABSOLUTE
    ../clib/signal.c                         0x00000000   Number         0  defsig_abrt_inner.o ABSOLUTE
    ../clib/signal.c                         0x00000000   Number         0  defsig_exit.o ABSOLUTE
    ../clib/signal.c                         0x00000000   Number         0  defsig_fpe_inner.o ABSOLUTE
    ../clib/signal.c                         0x00000000   Number         0  defsig_pvfn_inner.o ABSOLUTE
    ../clib/signal.c                         0x00000000   Number         0  defsig_fpe_outer.o ABSOLUTE
    ../clib/signal.c                         0x00000000   Number         0  defsig_fpe_formal.o ABSOLUTE
    ../clib/signal.c                         0x00000000   Number         0  defsig_other.o ABSOLUTE
    ../clib/signal.c                         0x00000000   Number         0  defsig_segv_inner.o ABSOLUTE
    ../clib/signal.c                         0x00000000   Number         0  defsig_cppl_inner.o ABSOLUTE
    ../clib/signal.c                         0x00000000   Number         0  defsig_stak_inner.o ABSOLUTE
    ../clib/signal.c                         0x00000000   Number         0  defsig_rtmem_formal.o ABSOLUTE
    ../clib/signal.s                         0x00000000   Number         0  defsig.o ABSOLUTE
    ../clib/stdlib.c                         0x00000000   Number         0  exit.o ABSOLUTE
    ../fplib/d2f.s                           0x00000000   Number         0  d2f.o ABSOLUTE
    ../fplib/daddsub.s                       0x00000000   Number         0  daddsub_noclz.o ABSOLUTE
    ../fplib/dcheck1.s                       0x00000000   Number         0  dcheck1.o ABSOLUTE
    ../fplib/dcmpi.s                         0x00000000   Number         0  dcmpi.o ABSOLUTE
    ../fplib/ddiv.s                          0x00000000   Number         0  ddiv.o ABSOLUTE
    ../fplib/dflt.s                          0x00000000   Number         0  dflt_noclz.o ABSOLUTE
    ../fplib/dleqf.s                         0x00000000   Number         0  dleqf.o ABSOLUTE
    ../fplib/dmul.s                          0x00000000   Number         0  dmul.o ABSOLUTE
    ../fplib/dnaninf.s                       0x00000000   Number         0  dnaninf.o ABSOLUTE
    ../fplib/dretinf.s                       0x00000000   Number         0  dretinf.o ABSOLUTE
    ../fplib/drleqf.s                        0x00000000   Number         0  drleqf.o ABSOLUTE
    ../fplib/dsqrt.s                         0x00000000   Number         0  dsqrt_noumaal.o ABSOLUTE
    ../fplib/f2d.s                           0x00000000   Number         0  f2d.o ABSOLUTE
    ../fplib/faddsub.s                       0x00000000   Number         0  faddsub_noclz.o ABSOLUTE
    ../fplib/fcmpi.s                         0x00000000   Number         0  fcmpi.o ABSOLUTE
    ../fplib/fdiv.s                          0x00000000   Number         0  fdiv.o ABSOLUTE
    ../fplib/feqf.s                          0x00000000   Number         0  feqf.o ABSOLUTE
    ../fplib/fflt.s                          0x00000000   Number         0  fflt_noclz.o ABSOLUTE
    ../fplib/fleqf.s                         0x00000000   Number         0  fleqf.o ABSOLUTE
    ../fplib/fnaninf.s                       0x00000000   Number         0  fnaninf.o ABSOLUTE
    ../fplib/fpinit.s                        0x00000000   Number         0  fpinit.o ABSOLUTE
    ../fplib/fretinf.s                       0x00000000   Number         0  fretinf.o ABSOLUTE
    ../fplib/retnan.s                        0x00000000   Number         0  retnan.o ABSOLUTE
    ../fplib/scalbn.s                        0x00000000   Number         0  scalbn.o ABSOLUTE
    ../fplib/trapv.s                         0x00000000   Number         0  trapv.o ABSOLUTE
    ../fplib/usenofp.s                       0x00000000   Number         0  usenofp.o ABSOLUTE
    ../mathlib/ceil.c                        0x00000000   Number         0  ceil.o ABSOLUTE
    ../mathlib/dunder.c                      0x00000000   Number         0  dunder.o ABSOLUTE
    ../mathlib/fpclassify.c                  0x00000000   Number         0  fpclassify.o ABSOLUTE
    ../mathlib/poly.c                        0x00000000   Number         0  poly.o ABSOLUTE
    ../mathlib/pow.c                         0x00000000   Number         0  pow.o ABSOLUTE
    ../mathlib/pow.c                         0x00000000   Number         0  pow_x.o ABSOLUTE
    ../mathlib/qnan.c                        0x00000000   Number         0  qnan.o ABSOLUTE
    ../mathlib/sqrt.c                        0x00000000   Number         0  sqrt.o ABSOLUTE
    ../mathlib/sqrt.c                        0x00000000   Number         0  sqrt_x.o ABSOLUTE
    Startup.s                                0x00000000   Number         0  startup.o ABSOLUTE
    dc.s                                     0x00000000   Number         0  dc.o ABSOLUTE
    source_RM_4_Tasks - Copy.c               0x00000000   Number         0  source_rm_4_tasks - copy.o ABSOLUTE
    Undef_Handler                            0x00000040   ARM Code       4  startup.o(RESET)
    SWI_Handler                              0x00000044   ARM Code       4  startup.o(RESET)
    PAbt_Handler                             0x00000048   ARM Code       4  startup.o(RESET)
    DAbt_Handler                             0x0000004c   ARM Code       4  startup.o(RESET)
    IRQ_Handler                              0x00000050   ARM Code       4  startup.o(RESET)
    FIQ_Handler                              0x00000054   ARM Code       4  startup.o(RESET)
    !!!main                                  0x00000110   Section        8  __main.o(!!!main)
    !!!scatter                               0x00000118   Section       60  __scatter.o(!!!scatter)
    !!handler_copy                           0x00000154   Section       40  __scatter_copy.o(!!handler_copy)
    !!handler_zi                             0x0000017c   Section       44  __scatter_zi.o(!!handler_zi)
    .ARM.Collect$$libinit$$00000000          0x000001b0   Section        2  libinit.o(.ARM.Collect$$libinit$$00000000)
    .ARM.Collect$$libinit$$00000002          0x000001b2   Section        0  libinit2.o(.ARM.Collect$$libinit$$00000002)
    .ARM.Collect$$libinit$$00000008          0x000001b2   Section        0  libinit2.o(.ARM.Collect$$libinit$$00000008)
    .ARM.Collect$$libinit$$0000000A          0x000001b2   Section        0  libinit2.o(.ARM.Collect$$libinit$$0000000A)
    .ARM.Collect$$libinit$$0000000C          0x000001b2   Section        0  libinit2.o(.ARM.Collect$$libinit$$0000000C)
    .ARM.Collect$$libinit$$0000000F          0x000001b2   Section        0  libinit2.o(.ARM.Collect$$libinit$$0000000F)
    .ARM.Collect$$libinit$$00000011          0x000001b2   Section        0  libinit2.o(.ARM.Collect$$libinit$$00000011)
    .ARM.Collect$$libinit$$00000013          0x000001b2   Section        0  libinit2.o(.ARM.Collect$$libinit$$00000013)
    .ARM.Collect$$libinit$$00000015          0x000001b2   Section        0  libinit2.o(.ARM.Collect$$libinit$$00000015)
    .ARM.Collect$$libinit$$00000017          0x000001b2   Section        0  libinit2.o(.ARM.Collect$$libinit$$00000017)
    .ARM.Collect$$libinit$$00000019          0x000001b2   Section        0  libinit2.o(.ARM.Collect$$libinit$$00000019)
    .ARM.Collect$$libinit$$0000001B          0x000001b2   Section        0  libinit2.o(.ARM.Collect$$libinit$$0000001B)
    .ARM.Collect$$libinit$$0000001D          0x000001b2   Section        0  libinit2.o(.ARM.Collect$$libinit$$0000001D)
    .ARM.Collect$$libinit$$0000001F          0x000001b2   Section        0  libinit2.o(.ARM.Collect$$libinit$$0000001F)
    .ARM.Collect$$libinit$$00000021          0x000001b2   Section        0  libinit2.o(.ARM.Collect$$libinit$$00000021)
    .ARM.Collect$$libinit$$00000023          0x000001b2   Section        0  libinit2.o(.ARM.Collect$$libinit$$00000023)
    .ARM.Collect$$libinit$$0000002A          0x000001b2   Section        0  libinit2.o(.ARM.Collect$$libinit$$0000002A)
    .ARM.Collect$$libinit$$0000002C          0x000001b2   Section        0  libinit2.o(.ARM.Collect$$libinit$$0000002C)
    .ARM.Collect$$libinit$$0000002E          0x000001b2   Section        0  libinit2.o(.ARM.Collect$$libinit$$0000002E)
    .ARM.Collect$$libinit$$00000030          0x000001b2   Section        0  libinit2.o(.ARM.Collect$$libinit$$00000030)
    .ARM.Collect$$libinit$$00000031          0x000001b2   Section       12  libinit2.o(.ARM.Collect$$libinit$$00000031)
    .ARM.Collect$$libshutdown$$00000000      0x000001c8   Section        4  libshutdown.o(.ARM.Collect$$libshutdown$$00000000)
    .ARM.Collect$$libshutdown$$00000003      0x000001cc   Section        0  libshutdown2.o(.ARM.Collect$$libshutdown$$00000003)
    .ARM.Collect$$libshutdown$$00000006      0x000001cc   Section        0  libshutdown2.o(.ARM.Collect$$libshutdown$$00000006)
    .ARM.Collect$$libshutdown$$00000009      0x000001cc   Section        0  libshutdown2.o(.ARM.Collect$$libshutdown$$00000009)
    .ARM.Collect$$libshutdown$$0000000B      0x000001cc   Section        0  libshutdown2.o(.ARM.Collect$$libshutdown$$0000000B)
    .ARM.Collect$$libshutdown$$0000000E      0x000001cc   Section        0  libshutdown2.o(.ARM.Collect$$libshutdown$$0000000E)
    .ARM.Collect$$libshutdown$$0000000F      0x000001cc   Section        6  libshutdown2.o(.ARM.Collect$$libshutdown$$0000000F)
    .ARM.Collect$$rtentry$$00000000          0x000001d4   Section        0  rtentry.o(.ARM.Collect$$rtentry$$00000000)
    .ARM.Collect$$rtentry$$00000002          0x000001d4   Section        0  rtentry2.o(.ARM.Collect$$rtentry$$00000002)
    .ARM.Collect$$rtentry$$00000004          0x000001d4   Section        8  rtentry4.o(.ARM.Collect$$rtentry$$00000004)
    .ARM.Collect$$rtentry$$00000009          0x000001dc   Section        0  rtentry2.o(.ARM.Collect$$rtentry$$00000009)
    .ARM.Collect$$rtentry$$0000000A          0x000001dc   Section        4  rtentry2.o(.ARM.Collect$$rtentry$$0000000A)
    .ARM.Collect$$rtentry$$0000000C          0x000001e0   Section        0  rtentry2.o(.ARM.Collect$$rtentry$$0000000C)
    .ARM.Collect$$rtentry$$0000000D          0x000001e0   Section       40  rtentry2.o(.ARM.Collect$$rtentry$$0000000D)
    .ARM.Collect$$rtexit$$00000000           0x0000020c   Section        4  rtexit.o(.ARM.Collect$$rtexit$$00000000)
    .ARM.Collect$$rtexit$$00000002           0x00000210   Section        0  rtexit2.o(.ARM.Collect$$rtexit$$00000002)
    .ARM.Collect$$rtexit$$00000003           0x00000210   Section        4  rtexit2.o(.ARM.Collect$$rtexit$$00000003)
    .ARM.Collect$$rtexit$$00000004           0x00000214   Section        8  rtexit2.o(.ARM.Collect$$rtexit$$00000004)
    .text                                    0x0000021c   Section       32  startup.o(.text)
    .text                                    0x0000023c   Section        0  source_rm_4_tasks - copy.o(.text)
    .text                                    0x00000b60   Section      100  rt_memcpy_w.o(.text)
    .text                                    0x00000bc4   Section      384  aeabi_sdiv.o(.text)
    __arm_div8                               0x00000bf0   ARM Code       0  aeabi_sdiv.o(.text)
    __arm_div5                               0x00000c14   ARM Code       0  aeabi_sdiv.o(.text)
    __arm_div2                               0x00000c38   ARM Code       0  aeabi_sdiv.o(.text)
    __arm_div_large                          0x00000c74   ARM Code       0  aeabi_sdiv.o(.text)
    .text                                    0x00000d44   Section        0  heapauxi.o(.text)
    .text                                    0x00000d54   Section        0  _rserrno.o(.text)
    .text                                    0x00000d74   Section       12  rt_errno_addr_intlibspace.o(.text)
    .text                                    0x00000d80   Section       12  libspace.o(.text)
    .text                                    0x00000d8c   Section       96  sys_stackheap_outer.o(.text)
    .text                                    0x00000dec   Section        0  exit.o(.text)
    .text                                    0x00000e00   Section        0  sys_exit.o(.text)
    .text                                    0x00000e0c   Section        4  use_no_semi.o(.text)
    .text                                    0x00000e10   Section        0  indicate_semi.o(.text)
    .text_udiv                               0x00000e10   Section       36  aeabi_sdiv.o(.text_udiv)
    i.__ARM_fpclassify                       0x00000e34   Section        0  fpclassify.o(i.__ARM_fpclassify)
    i.__kernel_poly                          0x00000e64   Section        0  poly.o(i.__kernel_poly)
    i.__mathlib_dbl_underflow                0x00000f64   Section        0  dunder.o(i.__mathlib_dbl_underflow)
    i.ceil                                   0x00000f78   Section        0  ceil.o(i.ceil)
    i.pow                                    0x000010c8   Section        0  pow.o(i.pow)
    i.sqrt                                   0x00001fd0   Section        0  sqrt.o(i.sqrt)
    x$fpl$d2f                                0x00002040   Section      108  d2f.o(x$fpl$d2f)
    x$fpl$dadd                               0x000020ac   Section      340  daddsub_noclz.o(x$fpl$dadd)
    _dadd1                                   0x000020bc   ARM Code       0  daddsub_noclz.o(x$fpl$dadd)
    x$fpl$dcheck1                            0x00002200   Section       16  dcheck1.o(x$fpl$dcheck1)
    x$fpl$dcmpinf                            0x00002210   Section       28  dcmpi.o(x$fpl$dcmpinf)
    x$fpl$ddiv                               0x0000222c   Section      736  ddiv.o(x$fpl$ddiv)
    ddiv_entry                               0x00002234   ARM Code       0  ddiv.o(x$fpl$ddiv)
    x$fpl$dflt                               0x0000250c   Section       88  dflt_noclz.o(x$fpl$dflt)
    x$fpl$dfltu                              0x00002564   Section       12  dflt_noclz.o(x$fpl$dfltu)
    x$fpl$dleqf                              0x00002570   Section      148  dleqf.o(x$fpl$dleqf)
    x$fpl$dmul                               0x00002604   Section      384  dmul.o(x$fpl$dmul)
    x$fpl$dnaninf                            0x00002784   Section      192  dnaninf.o(x$fpl$dnaninf)
    x$fpl$dretinf                            0x00002844   Section       16  dretinf.o(x$fpl$dretinf)
    x$fpl$drleqf                             0x00002854   Section      140  drleqf.o(x$fpl$drleqf)
    x$fpl$drsb                               0x000028e0   Section       24  daddsub_noclz.o(x$fpl$drsb)
    x$fpl$dsqrt                              0x000028f8   Section      520  dsqrt_noumaal.o(x$fpl$dsqrt)
    x$fpl$dsub                               0x00002b00   Section      580  daddsub_noclz.o(x$fpl$dsub)
    _dsub1                                   0x00002b10   ARM Code       0  daddsub_noclz.o(x$fpl$dsub)
    x$fpl$f2d                                0x00002d44   Section      100  f2d.o(x$fpl$f2d)
    x$fpl$fadd                               0x00002da8   Section      196  faddsub_noclz.o(x$fpl$fadd)
    _fadd1                                   0x00002db4   ARM Code       0  faddsub_noclz.o(x$fpl$fadd)
    x$fpl$fcmpinf                            0x00002e6c   Section       28  fcmpi.o(x$fpl$fcmpinf)
    x$fpl$fdiv                               0x00002e88   Section      400  fdiv.o(x$fpl$fdiv)
    _fdiv1                                   0x00002e88   ARM Code       0  fdiv.o(x$fpl$fdiv)
    x$fpl$feqf                               0x00003018   Section      132  feqf.o(x$fpl$feqf)
    x$fpl$fflt                               0x0000309c   Section       92  fflt_noclz.o(x$fpl$fflt)
    x$fpl$ffltu                              0x000030f8   Section        8  fflt_noclz.o(x$fpl$ffltu)
    x$fpl$fleqf                              0x00003100   Section      132  fleqf.o(x$fpl$fleqf)
    x$fpl$fnaninf                            0x00003184   Section      168  fnaninf.o(x$fpl$fnaninf)
    x$fpl$fretinf                            0x0000322c   Section       16  fretinf.o(x$fpl$fretinf)
    x$fpl$fsub                               0x0000323c   Section      304  faddsub_noclz.o(x$fpl$fsub)
    _fsub1                                   0x00003248   ARM Code       0  faddsub_noclz.o(x$fpl$fsub)
    x$fpl$retnan                             0x0000336c   Section      116  retnan.o(x$fpl$retnan)
    x$fpl$scalbn                             0x000033e0   Section      104  scalbn.o(x$fpl$scalbn)
    x$fpl$trapveneer                         0x00003448   Section       60  trapv.o(x$fpl$trapveneer)
    x$fpl$usenofp                            0x00003484   Section        0  usenofp.o(x$fpl$usenofp)
    .constdata                               0x00003488   Section      136  pow.o(.constdata)
    bp                                       0x00003488   Data          16  pow.o(.constdata)
    dp_h                                     0x00003498   Data          16  pow.o(.constdata)
    dp_l                                     0x000034a8   Data          16  pow.o(.constdata)
    L                                        0x000034b8   Data          48  pow.o(.constdata)
    P                                        0x000034e8   Data          40  pow.o(.constdata)
    .constdata                               0x00003510   Section        8  qnan.o(.constdata)
    .data                                    0x40000000   Section      108  source_rm_4_tasks - copy.o(.data)
    .bss                                     0x4000006c   Section       96  libspace.o(.bss)
    HEAP                                     0x400000d0   Section        0  startup.o(HEAP)
    STACK                                    0x400000d0   Section     1160  startup.o(STACK)
    Heap_Mem                                 0x400000d0   Data           0  startup.o(HEAP)
    Stack_Mem                                0x400000d0   Data        1024  startup.o(STACK)
    Stack_Top                                0x40000558   Data           0  startup.o(STACK)

    Global Symbols

    Symbol Name                              Value     Ov Type        Size  Object(Section)

    BuildAttributes$$THM_ISAv1$ARM_ISAv4$S$PE$A:L22$X:L11$S22$IEEE1$IW$USESV6$~STKCKD$USESV7$~SHL$OTIME$ROPI$IEEEX$EBA8$UX$STANDARDLIB$REQ8$PRES8$EABIv2 0x00000000   Number         0  anon$$obj.o ABSOLUTE
    __ARM_use_no_argv                        0x00000000   Number         0  source_rm_4_tasks - copy.o ABSOLUTE
    __ARM_exceptions_init                     - Undefined Weak Reference
    __alloca_initialize                       - Undefined Weak Reference
    __cpp_initialize__aeabi_                  - Undefined Weak Reference
    __cxa_finalize                            - Undefined Weak Reference
    __rt_locale                               - Undefined Weak Reference
    __sigvec_lookup                           - Undefined Weak Reference
    _atexit_init                              - Undefined Weak Reference
    _call_atexit_fns                          - Undefined Weak Reference
    _clock_init                               - Undefined Weak Reference
    _fp_trap_init                             - Undefined Weak Reference
    _fp_trap_shutdown                         - Undefined Weak Reference
    _get_lc_collate                           - Undefined Weak Reference
    _get_lc_ctype                             - Undefined Weak Reference
    _get_lc_monetary                          - Undefined Weak Reference
    _get_lc_numeric                           - Undefined Weak Reference
    _get_lc_time                              - Undefined Weak Reference
    _getenv_init                              - Undefined Weak Reference
    _handle_redirection                       - Undefined Weak Reference
    _init_alloc                               - Undefined Weak Reference
    _init_user_alloc                          - Undefined Weak Reference
    _initio                                   - Undefined Weak Reference
    _rand_init                                - Undefined Weak Reference
    _signal_finish                            - Undefined Weak Reference
    _signal_init                              - Undefined Weak Reference
    _terminate_alloc                          - Undefined Weak Reference
    _terminate_user_alloc                     - Undefined Weak Reference
    _terminateio                              - Undefined Weak Reference
    Reset_Handler                            0x00000058   ARM Code       0  startup.o(RESET)
    __main                                   0x00000110   ARM Code       8  __main.o(!!!main)
    __scatterload                            0x00000118   ARM Code       0  __scatter.o(!!!scatter)
    __scatterload_rt2                        0x00000118   ARM Code      52  __scatter.o(!!!scatter)
    __scatterload_null                       0x0000012c   ARM Code       0  __scatter.o(!!!scatter)
    __scatterload_copy                       0x00000154   ARM Code      40  __scatter_copy.o(!!handler_copy)
    __scatterload_zeroinit                   0x0000017c   ARM Code      44  __scatter_zi.o(!!handler_zi)
    Inline ARM to Thumb Veneer to __rt_lib_init 0x000001a8   ARM Code       8  libinit.o(.ARM.Collect$$libinit$$00000000)
    __rt_lib_init                            0x000001b1   Thumb Code     0  libinit.o(.ARM.Collect$$libinit$$00000000)
    __rt_lib_init_alloca_1                   0x000001b3   Thumb Code     0  libinit2.o(.ARM.Collect$$libinit$$0000002C)
    __rt_lib_init_argv_1                     0x000001b3   Thumb Code     0  libinit2.o(.ARM.Collect$$libinit$$0000002A)
    __rt_lib_init_atexit_1                   0x000001b3   Thumb Code     0  libinit2.o(.ARM.Collect$$libinit$$00000019)
    __rt_lib_init_clock_1                    0x000001b3   Thumb Code     0  libinit2.o(.ARM.Collect$$libinit$$0000001F)
    __rt_lib_init_cpp_1                      0x000001b3   Thumb Code     0  libinit2.o(.ARM.Collect$$libinit$$00000030)
    __rt_lib_init_exceptions_1               0x000001b3   Thumb Code     0  libinit2.o(.ARM.Collect$$libinit$$0000002E)
    __rt_lib_init_fp_1                       0x000001b3   Thumb Code     0  libinit2.o(.ARM.Collect$$libinit$$00000002)
    __rt_lib_init_fp_trap_1                  0x000001b3   Thumb Code     0  libinit2.o(.ARM.Collect$$libinit$$0000001D)
    __rt_lib_init_getenv_1                   0x000001b3   Thumb Code     0  libinit2.o(.ARM.Collect$$libinit$$00000021)
    __rt_lib_init_heap_1                     0x000001b3   Thumb Code     0  libinit2.o(.ARM.Collect$$libinit$$00000008)
    __rt_lib_init_lc_collate_1               0x000001b3   Thumb Code     0  libinit2.o(.ARM.Collect$$libinit$$0000000F)
    __rt_lib_init_lc_ctype_1                 0x000001b3   Thumb Code     0  libinit2.o(.ARM.Collect$$libinit$$00000011)
    __rt_lib_init_lc_monetary_1              0x000001b3   Thumb Code     0  libinit2.o(.ARM.Collect$$libinit$$00000013)
    __rt_lib_init_lc_numeric_1               0x000001b3   Thumb Code     0  libinit2.o(.ARM.Collect$$libinit$$00000015)
    __rt_lib_init_lc_time_1                  0x000001b3   Thumb Code     0  libinit2.o(.ARM.Collect$$libinit$$00000017)
    __rt_lib_init_rand_1                     0x000001b3   Thumb Code     0  libinit2.o(.ARM.Collect$$libinit$$0000000C)
    __rt_lib_init_return                     0x000001b3   Thumb Code     0  libinit2.o(.ARM.Collect$$libinit$$00000031)
    __rt_lib_init_signal_1                   0x000001b3   Thumb Code     0  libinit2.o(.ARM.Collect$$libinit$$0000001B)
    __rt_lib_init_stdio_1                    0x000001b3   Thumb Code     0  libinit2.o(.ARM.Collect$$libinit$$00000023)
    __rt_lib_init_user_alloc_1               0x000001b3   Thumb Code     0  libinit2.o(.ARM.Collect$$libinit$$0000000A)
    Inline ARM to Thumb Veneer to __rt_lib_shutdown 0x000001c0   ARM Code       8  libshutdown.o(.ARM.Collect$$libshutdown$$00000000)
    __rt_lib_shutdown                        0x000001c9   Thumb Code     0  libshutdown.o(.ARM.Collect$$libshutdown$$00000000)
    __rt_lib_shutdown_fp_trap_1              0x000001cd   Thumb Code     0  libshutdown2.o(.ARM.Collect$$libshutdown$$00000006)
    __rt_lib_shutdown_heap_1                 0x000001cd   Thumb Code     0  libshutdown2.o(.ARM.Collect$$libshutdown$$0000000E)
    __rt_lib_shutdown_return                 0x000001cd   Thumb Code     0  libshutdown2.o(.ARM.Collect$$libshutdown$$0000000F)
    __rt_lib_shutdown_signal_1               0x000001cd   Thumb Code     0  libshutdown2.o(.ARM.Collect$$libshutdown$$00000009)
    __rt_lib_shutdown_stdio_1                0x000001cd   Thumb Code     0  libshutdown2.o(.ARM.Collect$$libshutdown$$00000003)
    __rt_lib_shutdown_user_alloc_1           0x000001cd   Thumb Code     0  libshutdown2.o(.ARM.Collect$$libshutdown$$0000000B)
    __rt_entry                               0x000001d4   ARM Code       0  rtentry.o(.ARM.Collect$$rtentry$$00000000)
    __rt_entry_presh_1                       0x000001d4   ARM Code       0  rtentry2.o(.ARM.Collect$$rtentry$$00000002)
    __rt_entry_sh                            0x000001d4   ARM Code       0  rtentry4.o(.ARM.Collect$$rtentry$$00000004)
    __rt_entry_li                            0x000001dc   ARM Code       0  rtentry2.o(.ARM.Collect$$rtentry$$0000000A)
    __rt_entry_postsh_1                      0x000001dc   ARM Code       0  rtentry2.o(.ARM.Collect$$rtentry$$00000009)
    __rt_entry_main                          0x000001e0   ARM Code       0  rtentry2.o(.ARM.Collect$$rtentry$$0000000D)
    __rt_entry_postli_1                      0x000001e0   ARM Code       0  rtentry2.o(.ARM.Collect$$rtentry$$0000000C)
    Inline Thumb to ARM Veneer to __rt_exit  0x00000209   Thumb Code     4  rtexit.o(.ARM.Collect$$rtexit$$00000000)
    __rt_exit                                0x0000020c   ARM Code       0  rtexit.o(.ARM.Collect$$rtexit$$00000000)
    __rt_exit_ls                             0x00000210   ARM Code       0  rtexit2.o(.ARM.Collect$$rtexit$$00000003)
    __rt_exit_prels_1                        0x00000210   ARM Code       0  rtexit2.o(.ARM.Collect$$rtexit$$00000002)
    __rt_exit_exit                           0x00000214   ARM Code       0  rtexit2.o(.ARM.Collect$$rtexit$$00000004)
    __user_initial_stackheap                 0x0000021c   ARM Code       0  startup.o(.text)
    task1                                    0x0000023c   ARM Code     136  source_rm_4_tasks - copy.o(.text)
    taskRelease                              0x000002c4   ARM Code     112  source_rm_4_tasks - copy.o(.text)
    task2                                    0x00000334   ARM Code     196  source_rm_4_tasks - copy.o(.text)
    task3                                    0x000003f8   ARM Code     248  source_rm_4_tasks - copy.o(.text)
    task4                                    0x000004f0   ARM Code     300  source_rm_4_tasks - copy.o(.text)
    OS_Sched                                 0x0000061c   ARM Code     328  source_rm_4_tasks - copy.o(.text)
    RTA_Test                                 0x00000764   ARM Code     428  source_rm_4_tasks - copy.o(.text)
    U_Test                                   0x00000910   ARM Code     192  source_rm_4_tasks - copy.o(.text)
    OS_Init                                  0x000009d0   ARM Code     256  source_rm_4_tasks - copy.o(.text)
    main                                     0x00000ad0   ARM Code     104  source_rm_4_tasks - copy.o(.text)
    __aeabi_memcpy4                          0x00000b60   ARM Code       0  rt_memcpy_w.o(.text)
    __aeabi_memcpy8                          0x00000b60   ARM Code       0  rt_memcpy_w.o(.text)
    __rt_memcpy_w                            0x00000b60   ARM Code     100  rt_memcpy_w.o(.text)
    _memcpy_lastbytes_aligned                0x00000bac   ARM Code       0  rt_memcpy_w.o(.text)
    __aeabi_idiv                             0x00000bc4   ARM Code       0  aeabi_sdiv.o(.text)
    __aeabi_idivmod                          0x00000bc4   ARM Code     384  aeabi_sdiv.o(.text)
    __use_two_region_memory                  0x00000d45   Thumb Code     2  heapauxi.o(.text)
    __rt_heap_escrow$2region                 0x00000d47   Thumb Code     2  heapauxi.o(.text)
    __rt_heap_expand$2region                 0x00000d49   Thumb Code     2  heapauxi.o(.text)
    Inline ARM to Thumb Veneer to __set_errno 0x00000d4c   ARM Code       8  _rserrno.o(.text)
    __read_errno                             0x00000d55   Thumb Code    14  _rserrno.o(.text)
    __set_errno                              0x00000d63   Thumb Code    12  _rserrno.o(.text)
    Inline Thumb to ARM Veneer to __aeabi_errno_addr 0x00000d71   Thumb Code     4  rt_errno_addr_intlibspace.o(.text)
    __aeabi_errno_addr                       0x00000d74   ARM Code      12  rt_errno_addr_intlibspace.o(.text)
    __errno$intlibspace                      0x00000d74   ARM Code       0  rt_errno_addr_intlibspace.o(.text)
    __rt_errno_addr$intlibspace              0x00000d74   ARM Code       0  rt_errno_addr_intlibspace.o(.text)
    __user_libspace                          0x00000d80   ARM Code      12  libspace.o(.text)
    __user_perproc_libspace                  0x00000d80   ARM Code       0  libspace.o(.text)
    __user_perthread_libspace                0x00000d80   ARM Code       0  libspace.o(.text)
    __user_setup_stackheap                   0x00000d8c   ARM Code      96  sys_stackheap_outer.o(.text)
    exit                                     0x00000ded   Thumb Code    12  exit.o(.text)
    Inline ARM to Thumb Veneer to _sys_exit  0x00000df8   ARM Code       8  sys_exit.o(.text)
    _sys_exit                                0x00000e01   Thumb Code     8  sys_exit.o(.text)
    __I$use$semihosting                      0x00000e0c   ARM Code       0  use_no_semi.o(.text)
    __use_no_semihosting_swi                 0x00000e0c   ARM Code       4  use_no_semi.o(.text)
    __aeabi_uidiv                            0x00000e10   ARM Code       0  aeabi_sdiv.o(.text_udiv)
    __aeabi_uidivmod                         0x00000e10   ARM Code      36  aeabi_sdiv.o(.text_udiv)
    __semihosting_library_function           0x00000e10   ARM Code       0  indicate_semi.o(.text)
    __ARM_fpclassify                         0x00000e34   ARM Code      48  fpclassify.o(i.__ARM_fpclassify)
    __kernel_poly                            0x00000e64   ARM Code     256  poly.o(i.__kernel_poly)
    __mathlib_dbl_underflow                  0x00000f64   ARM Code      20  dunder.o(i.__mathlib_dbl_underflow)
    ceil                                     0x00000f78   ARM Code     328  ceil.o(i.ceil)
    pow                                      0x000010c8   ARM Code    3848  pow.o(i.pow)
    sqrt                                     0x00001fd0   ARM Code     112  sqrt.o(i.sqrt)
    __aeabi_d2f                              0x00002040   ARM Code       0  d2f.o(x$fpl$d2f)
    _d2f                                     0x00002040   ARM Code     108  d2f.o(x$fpl$d2f)
    __aeabi_dadd                             0x000020ac   ARM Code       0  daddsub_noclz.o(x$fpl$dadd)
    _dadd                                    0x000020ac   ARM Code     336  daddsub_noclz.o(x$fpl$dadd)
    __fpl_dcheck_NaN1                        0x00002200   ARM Code      12  dcheck1.o(x$fpl$dcheck1)
    __fpl_dcmp_Inf                           0x00002210   ARM Code      28  dcmpi.o(x$fpl$dcmpinf)
    __aeabi_ddiv                             0x0000222c   ARM Code       0  ddiv.o(x$fpl$ddiv)
    _ddiv                                    0x0000222c   ARM Code     600  ddiv.o(x$fpl$ddiv)
    __aeabi_i2d                              0x0000250c   ARM Code       0  dflt_noclz.o(x$fpl$dflt)
    _dflt                                    0x0000250c   ARM Code      88  dflt_noclz.o(x$fpl$dflt)
    __dflt_normalise                         0x0000251c   ARM Code       0  dflt_noclz.o(x$fpl$dflt)
    __aeabi_ui2d                             0x00002564   ARM Code       0  dflt_noclz.o(x$fpl$dfltu)
    _dfltu                                   0x00002564   ARM Code      12  dflt_noclz.o(x$fpl$dfltu)
    __aeabi_cdcmple                          0x00002570   ARM Code       0  dleqf.o(x$fpl$dleqf)
    _dcmple                                  0x00002570   ARM Code     148  dleqf.o(x$fpl$dleqf)
    __fpl_dcmple_InfNaN                      0x000025ec   ARM Code       0  dleqf.o(x$fpl$dleqf)
    __aeabi_dmul                             0x00002604   ARM Code       0  dmul.o(x$fpl$dmul)
    _dmul                                    0x00002604   ARM Code     372  dmul.o(x$fpl$dmul)
    __fpl_dnaninf                            0x00002784   ARM Code     192  dnaninf.o(x$fpl$dnaninf)
    __fpl_dretinf                            0x00002844   ARM Code      16  dretinf.o(x$fpl$dretinf)
    __aeabi_cdrcmple                         0x00002854   ARM Code       0  drleqf.o(x$fpl$drleqf)
    _drcmple                                 0x00002854   ARM Code     140  drleqf.o(x$fpl$drleqf)
    __aeabi_drsub                            0x000028e0   ARM Code       0  daddsub_noclz.o(x$fpl$drsb)
    _drsb                                    0x000028e0   ARM Code      24  daddsub_noclz.o(x$fpl$drsb)
    _dsqrt                                   0x000028f8   ARM Code     516  dsqrt_noumaal.o(x$fpl$dsqrt)
    __aeabi_dsub                             0x00002b00   ARM Code       0  daddsub_noclz.o(x$fpl$dsub)
    _dsub                                    0x00002b00   ARM Code     576  daddsub_noclz.o(x$fpl$dsub)
    __aeabi_f2d                              0x00002d44   ARM Code       0  f2d.o(x$fpl$f2d)
    _f2d                                     0x00002d44   ARM Code     100  f2d.o(x$fpl$f2d)
    __aeabi_fadd                             0x00002da8   ARM Code       0  faddsub_noclz.o(x$fpl$fadd)
    _fadd                                    0x00002da8   ARM Code     196  faddsub_noclz.o(x$fpl$fadd)
    __fpl_fcmp_Inf                           0x00002e6c   ARM Code      28  fcmpi.o(x$fpl$fcmpinf)
    __aeabi_fdiv                             0x00002e88   ARM Code       0  fdiv.o(x$fpl$fdiv)
    _fdiv                                    0x00002e88   ARM Code     396  fdiv.o(x$fpl$fdiv)
    __aeabi_cfcmpeq                          0x00003018   ARM Code       0  feqf.o(x$fpl$feqf)
    _fcmpeq                                  0x00003018   ARM Code     132  feqf.o(x$fpl$feqf)
    __aeabi_i2f                              0x0000309c   ARM Code       0  fflt_noclz.o(x$fpl$fflt)
    _fflt                                    0x0000309c   ARM Code      92  fflt_noclz.o(x$fpl$fflt)
    __fflt_normalise                         0x000030a8   ARM Code       0  fflt_noclz.o(x$fpl$fflt)
    __aeabi_ui2f                             0x000030f8   ARM Code       0  fflt_noclz.o(x$fpl$ffltu)
    _ffltu                                   0x000030f8   ARM Code       8  fflt_noclz.o(x$fpl$ffltu)
    __aeabi_cfcmple                          0x00003100   ARM Code       0  fleqf.o(x$fpl$fleqf)
    _fcmple                                  0x00003100   ARM Code     132  fleqf.o(x$fpl$fleqf)
    __fpl_fcmple_InfNaN                      0x0000316c   ARM Code       0  fleqf.o(x$fpl$fleqf)
    __fpl_fnaninf                            0x00003184   ARM Code     168  fnaninf.o(x$fpl$fnaninf)
    __fpl_fretinf                            0x0000322c   ARM Code      16  fretinf.o(x$fpl$fretinf)
    __aeabi_fsub                             0x0000323c   ARM Code       0  faddsub_noclz.o(x$fpl$fsub)
    _fsub                                    0x0000323c   ARM Code     304  faddsub_noclz.o(x$fpl$fsub)
    __fpl_return_NaN                         0x0000336c   ARM Code     116  retnan.o(x$fpl$retnan)
    __ARM_scalbn                             0x000033e0   ARM Code     104  scalbn.o(x$fpl$scalbn)
    __fpl_cmpreturn                          0x00003448   ARM Code      60  trapv.o(x$fpl$trapveneer)
    __I$use$fp                               0x00003484   Number         0  usenofp.o(x$fpl$usenofp)
    __mathlib_zero                           0x00003510   Data           8  qnan.o(.constdata)
    Region$$Table$$Base                      0x00003518   Number         0  anon$$obj.o(Region$$Table)
    Region$$Table$$Limit                     0x00003538   Number         0  anon$$obj.o(Region$$Table)
    hp                                       0x40000000   Data           4  source_rm_4_tasks - copy.o(.data)
    Task                                     0x40000004   Data          96  source_rm_4_tasks - copy.o(.data)
    tick                                     0x40000064   Data           4  source_rm_4_tasks - copy.o(.data)
    test                                     0x40000068   Data           4  source_rm_4_tasks - copy.o(.data)
    __libspace_start                         0x4000006c   Data          96  libspace.o(.bss)
    __temporary_stack_top$libspace           0x400000cc   Data           0  libspace.o(.bss)



==============================================================================

Memory Map of the image

  Image Entry point : 0x00000110

  Load Region LR_IROM1 (Base: 0x00000000, Size: 0x000035a4, Max: 0x00080000, ABSOLUTE)

    Execution Region ER_IROM1 (Base: 0x00000000, Size: 0x00003538, Max: 0x00080000, ABSOLUTE)

    Base Addr    Size         Type   Attr      Idx    E Section Name        Object

    0x00000000   0x00000110   Code   RO            3    RESET               startup.o
    0x00000110   0x00000008   Code   RO           56  * !!!main             c_t.l(__main.o)
    0x00000118   0x0000003c   Code   RO          323    !!!scatter          c_t.l(__scatter.o)
    0x00000154   0x00000028   Code   RO          325    !!handler_copy      c_t.l(__scatter_copy.o)
    0x0000017c   0x0000002c   Code   RO          327    !!handler_zi        c_t.l(__scatter_zi.o)
    0x000001a8   0x00000008   Ven    RO          191    .ARM.Collect$$libinit$$00000000  c_t.l(libinit.o)
    0x000001b0   0x00000002   Code   RO          191    .ARM.Collect$$libinit$$00000000  c_t.l(libinit.o)
    0x000001b2   0x00000000   Code   RO          205    .ARM.Collect$$libinit$$00000002  c_t.l(libinit2.o)
    0x000001b2   0x00000000   Code   RO          208    .ARM.Collect$$libinit$$00000008  c_t.l(libinit2.o)
    0x000001b2   0x00000000   Code   RO          210    .ARM.Collect$$libinit$$0000000A  c_t.l(libinit2.o)
    0x000001b2   0x00000000   Code   RO          212    .ARM.Collect$$libinit$$0000000C  c_t.l(libinit2.o)
    0x000001b2   0x00000000   Code   RO          215    .ARM.Collect$$libinit$$0000000F  c_t.l(libinit2.o)
    0x000001b2   0x00000000   Code   RO          217    .ARM.Collect$$libinit$$00000011  c_t.l(libinit2.o)
    0x000001b2   0x00000000   Code   RO          219    .ARM.Collect$$libinit$$00000013  c_t.l(libinit2.o)
    0x000001b2   0x00000000   Code   RO          221    .ARM.Collect$$libinit$$00000015  c_t.l(libinit2.o)
    0x000001b2   0x00000000   Code   RO          223    .ARM.Collect$$libinit$$00000017  c_t.l(libinit2.o)
    0x000001b2   0x00000000   Code   RO          225    .ARM.Collect$$libinit$$00000019  c_t.l(libinit2.o)
    0x000001b2   0x00000000   Code   RO          227    .ARM.Collect$$libinit$$0000001B  c_t.l(libinit2.o)
    0x000001b2   0x00000000   Code   RO          229    .ARM.Collect$$libinit$$0000001D  c_t.l(libinit2.o)
    0x000001b2   0x00000000   Code   RO          231    .ARM.Collect$$libinit$$0000001F  c_t.l(libinit2.o)
    0x000001b2   0x00000000   Code   RO          233    .ARM.Collect$$libinit$$00000021  c_t.l(libinit2.o)
    0x000001b2   0x00000000   Code   RO          235    .ARM.Collect$$libinit$$00000023  c_t.l(libinit2.o)
    0x000001b2   0x00000000   Code   RO          239    .ARM.Collect$$libinit$$0000002A  c_t.l(libinit2.o)
    0x000001b2   0x00000000   Code   RO          241    .ARM.Collect$$libinit$$0000002C  c_t.l(libinit2.o)
    0x000001b2   0x00000000   Code   RO          243    .ARM.Collect$$libinit$$0000002E  c_t.l(libinit2.o)
    0x000001b2   0x00000000   Code   RO          245    .ARM.Collect$$libinit$$00000030  c_t.l(libinit2.o)
    0x000001b2   0x0000000c   Code   RO          246    .ARM.Collect$$libinit$$00000031  c_t.l(libinit2.o)
    0x000001be   0x00000002   PAD
    0x000001c0   0x00000008   Ven    RO          281    .ARM.Collect$$libshutdown$$00000000  c_t.l(libshutdown.o)
    0x000001c8   0x00000004   Code   RO          281    .ARM.Collect$$libshutdown$$00000000  c_t.l(libshutdown.o)
    0x000001cc   0x00000000   Code   RO          308    .ARM.Collect$$libshutdown$$00000003  c_t.l(libshutdown2.o)
    0x000001cc   0x00000000   Code   RO          311    .ARM.Collect$$libshutdown$$00000006  c_t.l(libshutdown2.o)
    0x000001cc   0x00000000   Code   RO          314    .ARM.Collect$$libshutdown$$00000009  c_t.l(libshutdown2.o)
    0x000001cc   0x00000000   Code   RO          316    .ARM.Collect$$libshutdown$$0000000B  c_t.l(libshutdown2.o)
    0x000001cc   0x00000000   Code   RO          319    .ARM.Collect$$libshutdown$$0000000E  c_t.l(libshutdown2.o)
    0x000001cc   0x00000006   Code   RO          320    .ARM.Collect$$libshutdown$$0000000F  c_t.l(libshutdown2.o)
    0x000001d2   0x00000002   PAD
    0x000001d4   0x00000000   Code   RO          106    .ARM.Collect$$rtentry$$00000000  c_t.l(rtentry.o)
    0x000001d4   0x00000000   Code   RO          148    .ARM.Collect$$rtentry$$00000002  c_t.l(rtentry2.o)
    0x000001d4   0x00000008   Code   RO          160    .ARM.Collect$$rtentry$$00000004  c_t.l(rtentry4.o)
    0x000001dc   0x00000000   Code   RO          150    .ARM.Collect$$rtentry$$00000009  c_t.l(rtentry2.o)
    0x000001dc   0x00000004   Code   RO          151    .ARM.Collect$$rtentry$$0000000A  c_t.l(rtentry2.o)
    0x000001e0   0x00000000   Code   RO          153    .ARM.Collect$$rtentry$$0000000C  c_t.l(rtentry2.o)
    0x000001e0   0x00000028   Code   RO          154    .ARM.Collect$$rtentry$$0000000D  c_t.l(rtentry2.o)
    0x00000208   0x00000004   Ven    RO          196    .ARM.Collect$$rtexit$$00000000  c_t.l(rtexit.o)
    0x0000020c   0x00000004   Code   RO          196    .ARM.Collect$$rtexit$$00000000  c_t.l(rtexit.o)
    0x00000210   0x00000000   Code   RO          252    .ARM.Collect$$rtexit$$00000002  c_t.l(rtexit2.o)
    0x00000210   0x00000004   Code   RO          253    .ARM.Collect$$rtexit$$00000003  c_t.l(rtexit2.o)
    0x00000214   0x00000008   Code   RO          254    .ARM.Collect$$rtexit$$00000004  c_t.l(rtexit2.o)
    0x0000021c   0x00000020   Code   RO            4    .text               startup.o
    0x0000023c   0x00000924   Code   RO           11    .text               source_rm_4_tasks - copy.o
    0x00000b60   0x00000064   Code   RO           36    .text               c_t.l(rt_memcpy_w.o)
    0x00000bc4   0x00000180   Code   RO           38    .text               c_t.l(aeabi_sdiv.o)
    0x00000d44   0x00000006   Code   RO           54    .text               c_t.l(heapauxi.o)
    0x00000d4a   0x00000002   PAD
    0x00000d4c   0x00000008   Ven    RO          111    .text               c_t.l(_rserrno.o)
    0x00000d54   0x0000001a   Code   RO          111    .text               c_t.l(_rserrno.o)
    0x00000d6e   0x00000002   PAD
    0x00000d70   0x00000004   Ven    RO          167    .text               c_t.l(rt_errno_addr_intlibspace.o)
    0x00000d74   0x0000000c   Code   RO          167    .text               c_t.l(rt_errno_addr_intlibspace.o)
    0x00000d80   0x0000000c   Code   RO          175    .text               c_t.l(libspace.o)
    0x00000d8c   0x00000060   Code   RO          178    .text               c_t.l(sys_stackheap_outer.o)
    0x00000dec   0x0000000c   Code   RO          180    .text               c_t.l(exit.o)
    0x00000df8   0x00000008   Ven    RO          249    .text               c_t.l(sys_exit.o)
    0x00000e00   0x0000000c   Code   RO          249    .text               c_t.l(sys_exit.o)
    0x00000e0c   0x00000004   Code   RO          270    .text               c_t.l(use_no_semi.o)
    0x00000e10   0x00000000   Code   RO          272    .text               c_t.l(indicate_semi.o)
    0x00000e10   0x00000024   Code   RO           39    .text_udiv          c_t.l(aeabi_sdiv.o)
    0x00000e34   0x00000030   Code   RO          134    i.__ARM_fpclassify  m_ts.l(fpclassify.o)
    0x00000e64   0x00000100   Code   RO          136    i.__kernel_poly     m_ts.l(poly.o)
    0x00000f64   0x00000014   Code   RO          132    i.__mathlib_dbl_underflow  m_ts.l(dunder.o)
    0x00000f78   0x00000150   Code   RO           93    i.ceil              m_ts.l(ceil.o)
    0x000010c8   0x00000f08   Code   RO           97    i.pow               m_ts.l(pow.o)
    0x00001fd0   0x00000070   Code   RO          140    i.sqrt              m_ts.l(sqrt.o)
    0x00002040   0x0000006c   Code   RO           58    x$fpl$d2f           fz_ts.l(d2f.o)
    0x000020ac   0x00000154   Code   RO           60    x$fpl$dadd          fz_ts.l(daddsub_noclz.o)
    0x00002200   0x00000010   Code   RO          169    x$fpl$dcheck1       fz_ts.l(dcheck1.o)
    0x00002210   0x0000001c   Code   RO          192    x$fpl$dcmpinf       fz_ts.l(dcmpi.o)
    0x0000222c   0x000002e0   Code   RO          114    x$fpl$ddiv          fz_ts.l(ddiv.o)
    0x0000250c   0x00000058   Code   RO           67    x$fpl$dflt          fz_ts.l(dflt_noclz.o)
    0x00002564   0x0000000c   Code   RO           66    x$fpl$dfltu         fz_ts.l(dflt_noclz.o)
    0x00002570   0x00000094   Code   RO          171    x$fpl$dleqf         fz_ts.l(dleqf.o)
    0x00002604   0x00000180   Code   RO           70    x$fpl$dmul          fz_ts.l(dmul.o)
    0x00002784   0x000000c0   Code   RO          117    x$fpl$dnaninf       fz_ts.l(dnaninf.o)
    0x00002844   0x00000010   Code   RO          119    x$fpl$dretinf       fz_ts.l(dretinf.o)
    0x00002854   0x0000008c   Code   RO          121    x$fpl$drleqf        fz_ts.l(drleqf.o)
    0x000028e0   0x00000018   Code   RO           61    x$fpl$drsb          fz_ts.l(daddsub_noclz.o)
    0x000028f8   0x00000208   Code   RO          173    x$fpl$dsqrt         fz_ts.l(dsqrt_noumaal.o)
    0x00002b00   0x00000244   Code   RO           62    x$fpl$dsub          fz_ts.l(daddsub_noclz.o)
    0x00002d44   0x00000064   Code   RO           72    x$fpl$f2d           fz_ts.l(f2d.o)
    0x00002da8   0x000000c4   Code   RO           74    x$fpl$fadd          fz_ts.l(faddsub_noclz.o)
    0x00002e6c   0x0000001c   Code   RO          123    x$fpl$fcmpinf       fz_ts.l(fcmpi.o)
    0x00002e88   0x00000190   Code   RO           81    x$fpl$fdiv          fz_ts.l(fdiv.o)
    0x00003018   0x00000084   Code   RO           84    x$fpl$feqf          fz_ts.l(feqf.o)
    0x0000309c   0x0000005c   Code   RO           87    x$fpl$fflt          fz_ts.l(fflt_noclz.o)
    0x000030f8   0x00000008   Code   RO           86    x$fpl$ffltu         fz_ts.l(fflt_noclz.o)
    0x00003100   0x00000084   Code   RO           90    x$fpl$fleqf         fz_ts.l(fleqf.o)
    0x00003184   0x000000a8   Code   RO          125    x$fpl$fnaninf       fz_ts.l(fnaninf.o)
    0x0000322c   0x00000010   Code   RO          127    x$fpl$fretinf       fz_ts.l(fretinf.o)
    0x0000323c   0x00000130   Code   RO           76    x$fpl$fsub          fz_ts.l(faddsub_noclz.o)
    0x0000336c   0x00000074   Code   RO          194    x$fpl$retnan        fz_ts.l(retnan.o)
    0x000033e0   0x00000068   Code   RO          129    x$fpl$scalbn        fz_ts.l(scalbn.o)
    0x00003448   0x0000003c   Code   RO          247    x$fpl$trapveneer    fz_ts.l(trapv.o)
    0x00003484   0x00000000   Code   RO          131    x$fpl$usenofp       fz_ts.l(usenofp.o)
    0x00003484   0x00000004   PAD
    0x00003488   0x00000088   Data   RO           98    .constdata          m_ts.l(pow.o)
    0x00003510   0x00000008   Data   RO          138    .constdata          m_ts.l(qnan.o)
    0x00003518   0x00000020   Data   RO          321    Region$$Table       anon$$obj.o


    Execution Region RW_IRAM1 (Base: 0x40000000, Size: 0x00000558, Max: 0x00008000, ABSOLUTE)

    Base Addr    Size         Type   Attr      Idx    E Section Name        Object

    0x40000000   0x0000006c   Data   RW           12    .data               source_rm_4_tasks - copy.o
    0x4000006c   0x00000060   Zero   RW          176    .bss                c_t.l(libspace.o)
    0x400000cc   0x00000004   PAD
    0x400000d0   0x00000000   Zero   RW            2    HEAP                startup.o
    0x400000d0   0x00000488   Zero   RW            1    STACK               startup.o


==============================================================================

Image component sizes


      Code (inc. data)   RO Data    RW Data    ZI Data      Debug   Object Name

      2340         40          0        108          0       4928   source_rm_4_tasks - copy.o
       304         60          0          0       1160        452   startup.o

    ----------------------------------------------------------------------
      2644        100         32        108       1160       5380   Object Totals
         0          0         32          0          0          0   (incl. Generated)
         0          0          0          0          0          0   (incl. Padding)

    ----------------------------------------------------------------------

      Code (inc. data)   RO Data    RW Data    ZI Data      Debug   Library Member Name

         8          0          0          0          0         68   __main.o
        60          8          0          0          0          0   __scatter.o
        40          0          0          0          0          0   __scatter_copy.o
        44          0          0          0          0          0   __scatter_zi.o
        34          0          0          0          0        104   _rserrno.o
       420          0          0          0          0        148   aeabi_sdiv.o
        12          0          0          0          0         64   exit.o
         6          0          0          0          0        136   heapauxi.o
         0          0          0          0          0          0   indicate_semi.o
        10          0          0          0          0          0   libinit.o
        12          0          0          0          0          0   libinit2.o
        12          0          0          0          0          0   libshutdown.o
         6          0          0          0          0          0   libshutdown2.o
        12          4          0          0         96         68   libspace.o
        16          4          0          0          0         68   rt_errno_addr_intlibspace.o
       100          0          0          0          0         80   rt_memcpy_w.o
         0          0          0          0          0          0   rtentry.o
        44          4          0          0          0          0   rtentry2.o
         8          0          0          0          0          0   rtentry4.o
         8          0          0          0          0          0   rtexit.o
        12          0          0          0          0          0   rtexit2.o
        20          4          0          0          0         60   sys_exit.o
        96          0          0          0          0         80   sys_stackheap_outer.o
         4          0          0          0          0         68   use_no_semi.o
       108          4          0          0          0         92   d2f.o
       944         16          0          0          0        368   daddsub_noclz.o
        16          4          0          0          0         68   dcheck1.o
        28          0          0          0          0         68   dcmpi.o
       736        140          0          0          0        228   ddiv.o
       100          0          0          0          0        136   dflt_noclz.o
       148          4          0          0          0         92   dleqf.o
       384         16          0          0          0        124   dmul.o
       192          0          0          0          0        108   dnaninf.o
        16          0          0          0          0         68   dretinf.o
       140          0          0          0          0         80   drleqf.o
       520         56          0          0          0        144   dsqrt_noumaal.o
       100          4          0          0          0         84   f2d.o
       500          8          0          0          0        168   faddsub_noclz.o
        28          0          0          0          0         68   fcmpi.o
       400         76          0          0          0         96   fdiv.o
       132          4          0          0          0         84   feqf.o
       100          0          0          0          0        136   fflt_noclz.o
       132          4          0          0          0         84   fleqf.o
       168          0          0          0          0         96   fnaninf.o
        16          0          0          0          0         68   fretinf.o
       116          0          0          0          0         68   retnan.o
       104          0          0          0          0         68   scalbn.o
        60          0          0          0          0         68   trapv.o
         0          0          0          0          0          0   usenofp.o
       336          8          0          0          0        144   ceil.o
        20          0          0          0          0         68   dunder.o
        48          0          0          0          0         68   fpclassify.o
       256          0          0          0          0        116   poly.o
      3848        100        136          0          0        276   pow.o
         0          0          8          0          0          0   qnan.o
       112          0          0          0          0        100   sqrt.o

    ----------------------------------------------------------------------
     10804        468        144          0        100       4380   Library Totals
        12          0          0          0          4          0   (incl. Padding)

    ----------------------------------------------------------------------

      Code (inc. data)   RO Data    RW Data    ZI Data      Debug   Library Name

       984         24          0          0         96        944   c_t.l
      5188        336          0          0          0       2664   fz_ts.l
      4620        108        144          0          0        772   m_ts.l

    ----------------------------------------------------------------------
     10804        468        144          0        100       4380   Library Totals

    ----------------------------------------------------------------------

==============================================================================


      Code (inc. data)   RO Data    RW Data    ZI Data      Debug   

     13448        568        176        108       1260       7444   Grand Totals
     13448        568        176        108       1260       7444   ELF Image Totals
     13448        568        176        108          0          0   ROM Totals

==============================================================================

    Total RO  Size (Code + RO Data)                13624 (  13.30kB)
    Total RW  Size (RW Data + ZI Data)              1368 (   1.34kB)
    Total ROM Size (Code + RO Data + RW Data)      13732 (  13.41kB)

==============================================================================

